============================= test session starts =============================
12 passed in 1.1s
